// Jest Snapshot v1, https://goo.gl/fbAQLP

exports[`ExchangeView should render exchange view 1`] = `
Array [
  <StylesProvider
    jss={
      Jss {
        "generateId": [Function],
        "id": 2,
        "options": Object {
          "Renderer": [Function],
          "createGenerateId": [Function],
          "id": Object {
            "minify": false,
          },
          "plugins": Array [],
        },
        "plugins": PluginsRegistry {
          "plugins": Object {
            "external": Array [
              Object {
                "onCreateRule": [Function],
                "onProcessStyle": [Function],
                "onUpdate": [Function],
              },
              Object {
                "onCreateRule": [Function],
                "onProcessRule": [Function],
              },
              Object {
                "onProcessStyle": [Function],
              },
              Object {
                "onChangeValue": [Function],
                "onProcessStyle": [Function],
              },
              Object {
                "onChangeValue": [Function],
                "onProcessStyle": [Function],
              },
              Object {
                "onChangeValue": [Function],
                "onProcessRule": [Function],
                "onProcessStyle": [Function],
              },
              Object {
                "onProcessStyle": [Function],
              },
              Object {
                "onProcessStyle": [Function],
              },
            ],
            "internal": Array [
              Object {
                "onCreateRule": [Function],
              },
              Object {
                "onCreateRule": [Function],
              },
              Object {
                "onChangeValue": [Function],
                "onCreateRule": [Function],
                "onProcessStyle": [Function],
              },
              Object {
                "onCreateRule": [Function],
              },
              Object {
                "onCreateRule": [Function],
              },
              Object {
                "onCreateRule": [Function],
              },
              Object {
                "onCreateRule": [Function],
              },
            ],
          },
          "registry": Object {
            "onChangeValue": Array [
              [Function],
              [Function],
              [Function],
              [Function],
            ],
            "onCreateRule": Array [
              [Function],
              [Function],
              [Function],
              [Function],
              [Function],
              [Function],
              [Function],
              [Function],
              [Function],
            ],
            "onProcessRule": Array [
              [Function],
              [Function],
            ],
            "onProcessSheet": Array [],
            "onProcessStyle": Array [
              [Function],
              [Function],
              [Function],
              [Function],
              [Function],
              [Function],
              [Function],
              [Function],
            ],
            "onUpdate": Array [
              [Function],
            ],
          },
        },
        "version": "10.8.2",
      }
    }
  >
    <MuiPickersUtilsProvider
      utils={[Function]}
    >
      <SnackbarProvider
        maxSnack={1}
      >
        <Router
          history={
            Object {
              "action": "POP",
              "block": [Function],
              "createHref": [Function],
              "go": [Function],
              "goBack": [Function],
              "goForward": [Function],
              "length": 1,
              "listen": [Function],
              "location": Object {
                "hash": "",
                "pathname": "/",
                "search": "",
                "state": undefined,
              },
              "push": [Function],
              "replace": [Function],
            }
          }
        >
          <ExchangeView />
        </Router>
      </SnackbarProvider>
    </MuiPickersUtilsProvider>
  </StylesProvider>,
]
`;
